// Jest Snapshot v1, https://goo.gl/fbAQLP

exports[`testing App component should grab a snapshot of the component. 1`] = `
<section>
  <section
    className="order-container"
  >
    <section
      className="order-status"
    >
      <p>
        Delivery, ASAP (35-45m)
      </p>
      <p
        className="order-no-minimum"
      >
        No minimum
      </p>
    </section>
    <button
      className="order-change"
      onClick={[Function]}
    >
      Change
    </button>
     
    <br />
  </section>
</section>
`;
